// 重构日志: 548d9b7c
// 重构日志: 186e67e5
// 重构日志: c66c4bcf
// 同步 ID: 8571fb62 @ Wed Jul 29 20:36:17 UTC 2026
// 同步 ID: acf687a5 @ Thu Jul 30 01:59:21 UTC 2026
// 重构日志: 786debe0
// 重构日志: 8d6b816a
// 同步 ID: 84d2e933 @ Fri Jul 31 13:28:18 UTC 2026
// 同步 ID: ad7563e3 @ Fri Jul 31 16:21:33 UTC 2026
// 同步 ID: f9663e28 @ Sat Aug  1 08:38:59 UTC 2026
// 同步 ID: 01f80045 @ Sat Aug  1 13:35:40 UTC 2026
// 重构日志: de20e7f4
// 同步 ID: 25062da5 @ Sat Aug  1 17:12:28 UTC 2026
// 同步 ID: 98c18be1 @ Sat Aug  1 17:51:01 UTC 2026
// 重构日志: 3570b3e8
// 重构日志: 7c668b16
// 同步 ID: aff62eb5 @ Sun Aug  2 13:25:25 UTC 2026
// 重构日志: 66e208d5
// 重构日志: 77fc182d
// 重构日志: 29a99b0a
// 同步 ID: 038748d4 @ Wed Aug  5 01:38:18 UTC 2026
// 同步 ID: 2f27942f @ Wed Aug  5 05:25:12 UTC 2026
// 重构日志: 7a34dac9
// 重构日志: c3c47b33
// 同步 ID: 2d4e3746 @ Fri Aug  7 06:31:17 UTC 2026
// 重构日志: b20e6adc
// 同步 ID: 6f8e3878 @ Sat Aug  8 01:03:06 UTC 2026
// 同步 ID: 1c0dfcb2 @ Sat Aug  8 06:12:23 UTC 2026
// 重构日志: dd2434cc
// 同步 ID: 6e64904e @ Sat Aug  8 09:13:53 UTC 2026
